{
  "indicated-airspeed": 0.00,
  "heading": 0.00,
  "altitude": 342.18,
  "elevation": 26.10,
  "latitude": 51.46,
  "longitude": -0.43,
  "aircraft-registration": "D-AIKN"
}
{
  "indicated-airspeed": 0.00,
  "heading": 268.62,
  "altitude": 316.18,
  "elevation": 26.11,
  "latitude": 51.46,
  "longitude": -0.43,
  "aircraft-registration": "D-AIKN"
}
{
  "indicated-airspeed": 0.38,
  "heading": 268.62,
  "altitude": 171.69,
  "elevation": 26.19,
  "latitude": 51.46,
  "longitude": -0.43,
  "aircraft-registration": "D-AIKN"
}
{
  "indicated-airspeed": 0.95,
  "heading": 268.62,
  "altitude": 111.17,
  "elevation": 26.16,
  "latitude": 51.46,
  "longitude": -0.43,
  "aircraft-registration": "D-AIKN"
}
{
  "indicated-airspeed": 1.30,
  "heading": 268.62,
  "altitude": 89.66,
  "elevation": 26.16,
  "latitude": 51.46,
  "longitude": -0.43,
  "aircraft-registration": "D-AIKN"
}
{
  "indicated-airspeed": 1.59,
  "heading": 268.62,
  "altitude": 82.01,
  "elevation": 26.17,
  "latitude": 51.46,
  "longitude": -0.43,
  "aircraft-registration": "D-AIKN"
}
{
  "indicated-airspeed": 1.79,
  "heading": 268.62,
  "altitude": 79.16,
  "elevation": 26.16,
  "latitude": 51.46,
  "longitude": -0.43,
  "aircraft-registration": "D-AIKN"
}
{
  "indicated-airspeed": 2.00,
  "heading": 268.62,
  "altitude": 78.20,
  "elevation": 26.16,
  "latitude": 51.46,
  "longitude": -0.43,
  "aircraft-registration": "D-AIKN"
}
{
  "indicated-airspeed": 2.26,
  "heading": 268.62,
  "altitude": 77.91,
  "elevation": 26.16,
  "latitude": 51.46,
  "longitude": -0.43,
  "aircraft-registration": "D-AIKN"
}
{
  "indicated-airspeed": 2.43,
  "heading": 268.62,
  "altitude": 77.84,
  "elevation": 26.16,
  "latitude": 51.46,
  "longitude": -0.43,
  "aircraft-registration": "D-AIKN"
}
{
  "indicated-airspeed": 2.52,
  "heading": 268.62,
  "altitude": 77.82,
  "elevation": 26.16,
  "latitude": 51.46,
  "longitude": -0.43,
  "aircraft-registration": "D-AIKN"
}
{
  "indicated-airspeed": 2.66,
  "heading": 268.62,
  "altitude": 77.82,
  "elevation": 26.16,
  "latitude": 51.46,
  "longitude": -0.43,
  "aircraft-registration": "D-AIKN"
}
{
  "indicated-airspeed": 2.93,
  "heading": 268.62,
  "altitude": 77.82,
  "elevation": 26.16,
  "latitude": 51.46,
  "longitude": -0.43,
  "aircraft-registration": "D-AIKN"
}
{
  "indicated-airspeed": 3.24,
  "heading": 268.62,
  "altitude": 77.82,
  "elevation": 26.16,
  "latitude": 51.46,
  "longitude": -0.43,
  "aircraft-registration": "D-AIKN"
}
{
  "indicated-airspeed": 3.59,
  "heading": 268.62,
  "altitude": 77.82,
  "elevation": 26.16,
  "latitude": 51.46,
  "longitude": -0.43,
  "aircraft-registration": "D-AIKN"
}
{
  "indicated-airspeed": 3.82,
  "heading": 268.62,
  "altitude": 77.82,
  "elevation": 26.16,
  "latitude": 51.46,
  "longitude": -0.43,
  "aircraft-registration": "D-AIKN"
}
{
  "indicated-airspeed": 3.93,
  "heading": 268.62,
  "altitude": 77.82,
  "elevation": 26.16,
  "latitude": 51.46,
  "longitude": -0.43,
  "aircraft-registration": "D-AIKN"
}
{
  "indicated-airspeed": 3.93,
  "heading": 268.62,
  "altitude": 77.82,
  "elevation": 26.16,
  "latitude": 51.46,
  "longitude": -0.43,
  "aircraft-registration": "D-AIKN"
}
{
  "indicated-airspeed": 3.91,
  "heading": 268.62,
  "altitude": 77.82,
  "elevation": 26.16,
  "latitude": 51.46,
  "longitude": -0.43,
  "aircraft-registration": "D-AIKN"
}
{
  "indicated-airspeed": 3.97,
  "heading": 268.62,
  "altitude": 77.83,
  "elevation": 26.16,
  "latitude": 51.46,
  "longitude": -0.43,
  "aircraft-registration": "D-AIKN"
}
{
  "indicated-airspeed": 4.00,
  "heading": 268.62,
  "altitude": 77.83,
  "elevation": 26.16,
  "latitude": 51.46,
  "longitude": -0.43,
  "aircraft-registration": "D-AIKN"
}
{
  "indicated-airspeed": 4.01,
  "heading": 268.62,
  "altitude": 77.83,
  "elevation": 26.16,
  "latitude": 51.46,
  "longitude": -0.43,
  "aircraft-registration": "D-AIKN"
}
{
  "indicated-airspeed": 3.97,
  "heading": 268.62,
  "altitude": 77.83,
  "elevation": 26.16,
  "latitude": 51.46,
  "longitude": -0.43,
  "aircraft-registration": "D-AIKN"
}
{
  "indicated-airspeed": 3.93,
  "heading": 268.62,
  "altitude": 77.83,
  "elevation": 26.16,
  "latitude": 51.46,
  "longitude": -0.43,
  "aircraft-registration": "D-AIKN"
}
{
  "indicated-airspeed": 3.89,
  "heading": 268.62,
  "altitude": 77.83,
  "elevation": 26.16,
  "latitude": 51.46,
  "longitude": -0.43,
  "aircraft-registration": "D-AIKN"
}
{
  "indicated-airspeed": 3.86,
  "heading": 268.62,
  "altitude": 77.83,
  "elevation": 26.16,
  "latitude": 51.46,
  "longitude": -0.43,
  "aircraft-registration": "D-AIKN"
}
{
  "indicated-airspeed": 3.83,
  "heading": 268.62,
  "altitude": 77.84,
  "elevation": 26.16,
  "latitude": 51.46,
  "longitude": -0.43,
  "aircraft-registration": "D-AIKN"
}
{
  "indicated-airspeed": 3.81,
  "heading": 268.62,
  "altitude": 77.84,
  "elevation": 26.16,
  "latitude": 51.46,
  "longitude": -0.43,
  "aircraft-registration": "D-AIKN"
}
{
  "indicated-airspeed": 3.78,
  "heading": 268.62,
  "altitude": 77.84,
  "elevation": 26.16,
  "latitude": 51.46,
  "longitude": -0.43,
  "aircraft-registration": "D-AIKN"
}
{
  "indicated-airspeed": 3.79,
  "heading": 268.62,
  "altitude": 77.84,
  "elevation": 26.16,
  "latitude": 51.46,
  "longitude": -0.43,
  "aircraft-registration": "D-AIKN"
}
{
  "indicated-airspeed": 3.83,
  "heading": 268.62,
  "altitude": 77.84,
  "elevation": 26.16,
  "latitude": 51.46,
  "longitude": -0.43,
  "aircraft-registration": "D-AIKN"
}
{
  "indicated-airspeed": 3.90,
  "heading": 268.62,
  "altitude": 77.84,
  "elevation": 26.16,
  "latitude": 51.46,
  "longitude": -0.43,
  "aircraft-registration": "D-AIKN"
}
{
  "indicated-airspeed": 3.95,
  "heading": 268.62,
  "altitude": 77.84,
  "elevation": 26.16,
  "latitude": 51.46,
  "longitude": -0.43,
  "aircraft-registration": "D-AIKN"
}
{
  "indicated-airspeed": 3.98,
  "heading": 268.62,
  "altitude": 77.85,
  "elevation": 26.16,
  "latitude": 51.46,
  "longitude": -0.43,
  "aircraft-registration": "D-AIKN"
}
{
  "indicated-airspeed": 3.79,
  "heading": 268.62,
  "altitude": 77.85,
  "elevation": 26.16,
  "latitude": 51.46,
  "longitude": -0.43,
  "aircraft-registration": "D-AIKN"
}
{
  "indicated-airspeed": 3.60,
  "heading": 268.62,
  "altitude": 77.85,
  "elevation": 26.16,
  "latitude": 51.46,
  "longitude": -0.43,
  "aircraft-registration": "D-AIKN"
}
{
  "indicated-airspeed": 3.57,
  "heading": 268.62,
  "altitude": 77.85,
  "elevation": 26.16,
  "latitude": 51.46,
  "longitude": -0.43,
  "aircraft-registration": "D-AIKN"
}
{
  "indicated-airspeed": 3.56,
  "heading": 268.62,
  "altitude": 77.85,
  "elevation": 26.16,
  "latitude": 51.46,
  "longitude": -0.43,
  "aircraft-registration": "D-AIKN"
}
{
  "indicated-airspeed": 3.41,
  "heading": 268.62,
  "altitude": 77.85,
  "elevation": 26.16,
  "latitude": 51.46,
  "longitude": -0.43,
  "aircraft-registration": "D-AIKN"
}
{
  "indicated-airspeed": 3.23,
  "heading": 268.62,
  "altitude": 77.85,
  "elevation": 26.16,
  "latitude": 51.46,
  "longitude": -0.43,
  "aircraft-registration": "D-AIKN"
}
{
  "indicated-airspeed": 3.09,
  "heading": 268.62,
  "altitude": 77.85,
  "elevation": 26.16,
  "latitude": 51.46,
  "longitude": -0.43,
  "aircraft-registration": "D-AIKN"
}
{
  "indicated-airspeed": 3.05,
  "heading": 268.62,
  "altitude": 77.86,
  "elevation": 26.16,
  "latitude": 51.46,
  "longitude": -0.43,
  "aircraft-registration": "D-AIKN"
}
{
  "indicated-airspeed": 3.13,
  "heading": 268.62,
  "altitude": 77.86,
  "elevation": 26.16,
  "latitude": 51.46,
  "longitude": -0.43,
  "aircraft-registration": "D-AIKN"
}
{
  "indicated-airspeed": 3.45,
  "heading": 268.62,
  "altitude": 77.86,
  "elevation": 26.16,
  "latitude": 51.46,
  "longitude": -0.43,
  "aircraft-registration": "D-AIKN"
}
{
  "indicated-airspeed": 3.73,
  "heading": 268.62,
  "altitude": 77.86,
  "elevation": 26.16,
  "latitude": 51.46,
  "longitude": -0.43,
  "aircraft-registration": "D-AIKN"
}
{
  "indicated-airspeed": 3.87,
  "heading": 268.62,
  "altitude": 77.86,
  "elevation": 26.16,
  "latitude": 51.46,
  "longitude": -0.43,
  "aircraft-registration": "D-AIKN"
}
{
  "indicated-airspeed": 3.94,
  "heading": 268.62,
  "altitude": 77.86,
  "elevation": 26.16,
  "latitude": 51.46,
  "longitude": -0.43,
  "aircraft-registration": "D-AIKN"
}
{
  "indicated-airspeed": 3.98,
  "heading": 268.62,
  "altitude": 77.86,
  "elevation": 26.16,
  "latitude": 51.46,
  "longitude": -0.43,
  "aircraft-registration": "D-AIKN"
}
{
  "indicated-airspeed": 4.00,
  "heading": 268.62,
  "altitude": 77.86,
  "elevation": 26.16,
  "latitude": 51.46,
  "longitude": -0.43,
  "aircraft-registration": "D-AIKN"
}
{
  "indicated-airspeed": 4.00,
  "heading": 268.62,
  "altitude": 77.87,
  "elevation": 26.16,
  "latitude": 51.46,
  "longitude": -0.43,
  "aircraft-registration": "D-AIKN"
}
{
  "indicated-airspeed": 4.00,
  "heading": 268.62,
  "altitude": 77.87,
  "elevation": 26.16,
  "latitude": 51.46,
  "longitude": -0.43,
  "aircraft-registration": "D-AIKN"
}
{
  "indicated-airspeed": 4.00,
  "heading": 268.62,
  "altitude": 77.87,
  "elevation": 26.16,
  "latitude": 51.46,
  "longitude": -0.43,
  "aircraft-registration": "D-AIKN"
}
{
  "indicated-airspeed": 4.00,
  "heading": 268.62,
  "altitude": 77.87,
  "elevation": 26.16,
  "latitude": 51.46,
  "longitude": -0.43,
  "aircraft-registration": "D-AIKN"
}
{
  "indicated-airspeed": 4.00,
  "heading": 268.62,
  "altitude": 77.87,
  "elevation": 26.16,
  "latitude": 51.46,
  "longitude": -0.43,
  "aircraft-registration": "D-AIKN"
}
{
  "indicated-airspeed": 4.01,
  "heading": 268.62,
  "altitude": 77.87,
  "elevation": 26.16,
  "latitude": 51.46,
  "longitude": -0.43,
  "aircraft-registration": "D-AIKN"
}
{
  "indicated-airspeed": 4.01,
  "heading": 268.62,
  "altitude": 77.88,
  "elevation": 26.16,
  "latitude": 51.46,
  "longitude": -0.43,
  "aircraft-registration": "D-AIKN"
}
{
  "indicated-airspeed": 4.00,
  "heading": 268.62,
  "altitude": 77.88,
  "elevation": 26.16,
  "latitude": 51.46,
  "longitude": -0.43,
  "aircraft-registration": "D-AIKN"
}
{
  "indicated-airspeed": 3.77,
  "heading": 268.62,
  "altitude": 77.88,
  "elevation": 26.16,
  "latitude": 51.46,
  "longitude": -0.43,
  "aircraft-registration": "D-AIKN"
}
{
  "indicated-airspeed": 3.49,
  "heading": 268.62,
  "altitude": 77.88,
  "elevation": 26.16,
  "latitude": 51.46,
  "longitude": -0.43,
  "aircraft-registration": "D-AIKN"
}
{
  "indicated-airspeed": 3.29,
  "heading": 268.62,
  "altitude": 77.88,
  "elevation": 26.16,
  "latitude": 51.46,
  "longitude": -0.43,
  "aircraft-registration": "D-AIKN"
}
{
  "indicated-airspeed": 3.16,
  "heading": 268.62,
  "altitude": 77.88,
  "elevation": 26.16,
  "latitude": 51.46,
  "longitude": -0.43,
  "aircraft-registration": "D-AIKN"
}
{
  "indicated-airspeed": 3.17,
  "heading": 268.62,
  "altitude": 77.88,
  "elevation": 26.16,
  "latitude": 51.46,
  "longitude": -0.43,
  "aircraft-registration": "D-AIKN"
}
{
  "indicated-airspeed": 3.22,
  "heading": 268.62,
  "altitude": 77.89,
  "elevation": 26.16,
  "latitude": 51.46,
  "longitude": -0.43,
  "aircraft-registration": "D-AIKN"
}
{
  "indicated-airspeed": 3.14,
  "heading": 268.62,
  "altitude": 77.89,
  "elevation": 26.16,
  "latitude": 51.46,
  "longitude": -0.43,
  "aircraft-registration": "D-AIKN"
}
{
  "indicated-airspeed": 3.03,
  "heading": 268.62,
  "altitude": 77.89,
  "elevation": 26.16,
  "latitude": 51.46,
  "longitude": -0.43,
  "aircraft-registration": "D-AIKN"
}
{
  "indicated-airspeed": 2.99,
  "heading": 268.62,
  "altitude": 77.89,
  "elevation": 26.16,
  "latitude": 51.46,
  "longitude": -0.43,
  "aircraft-registration": "D-AIKN"
}
{
  "indicated-airspeed": 3.15,
  "heading": 268.62,
  "altitude": 77.89,
  "elevation": 26.16,
  "latitude": 51.46,
  "longitude": -0.43,
  "aircraft-registration": "D-AIKN"
}
{
  "indicated-airspeed": 3.84,
  "heading": 268.62,
  "altitude": 77.90,
  "elevation": 26.16,
  "latitude": 51.46,
  "longitude": -0.43,
  "aircraft-registration": "D-AIKN"
}
{
  "indicated-airspeed": 4.94,
  "heading": 268.62,
  "altitude": 77.89,
  "elevation": 26.16,
  "latitude": 51.46,
  "longitude": -0.43,
  "aircraft-registration": "D-AIKN"
}
{
  "indicated-airspeed": 5.91,
  "heading": 268.62,
  "altitude": 77.89,
  "elevation": 26.16,
  "latitude": 51.46,
  "longitude": -0.44,
  "aircraft-registration": "D-AIKN"
}
{
  "indicated-airspeed": 6.89,
  "heading": 268.62,
  "altitude": 77.89,
  "elevation": 26.16,
  "latitude": 51.46,
  "longitude": -0.44,
  "aircraft-registration": "D-AIKN"
}
{
  "indicated-airspeed": 7.91,
  "heading": 268.62,
  "altitude": 77.89,
  "elevation": 26.15,
  "latitude": 51.46,
  "longitude": -0.44,
  "aircraft-registration": "D-AIKN"
}
{
  "indicated-airspeed": 9.02,
  "heading": 268.62,
  "altitude": 77.89,
  "elevation": 26.15,
  "latitude": 51.46,
  "longitude": -0.44,
  "aircraft-registration": "D-AIKN"
}
{
  "indicated-airspeed": 10.24,
  "heading": 268.62,
  "altitude": 77.89,
  "elevation": 26.15,
  "latitude": 51.46,
  "longitude": -0.44,
  "aircraft-registration": "D-AIKN"
}
{
  "indicated-airspeed": 11.63,
  "heading": 268.62,
  "altitude": 77.89,
  "elevation": 26.16,
  "latitude": 51.46,
  "longitude": -0.44,
  "aircraft-registration": "D-AIKN"
}
{
  "indicated-airspeed": 13.21,
  "heading": 268.62,
  "altitude": 77.90,
  "elevation": 26.17,
  "latitude": 51.46,
  "longitude": -0.44,
  "aircraft-registration": "D-AIKN"
}
{
  "indicated-airspeed": 14.91,
  "heading": 268.62,
  "altitude": 77.91,
  "elevation": 26.16,
  "latitude": 51.46,
  "longitude": -0.44,
  "aircraft-registration": "D-AIKN"
}
{
  "indicated-airspeed": 16.90,
  "heading": 268.62,
  "altitude": 77.91,
  "elevation": 26.16,
  "latitude": 51.46,
  "longitude": -0.44,
  "aircraft-registration": "D-AIKN"
}
{
  "indicated-airspeed": 18.91,
  "heading": 268.62,
  "altitude": 77.91,
  "elevation": 26.17,
  "latitude": 51.46,
  "longitude": -0.44,
  "aircraft-registration": "D-AIKN"
}
{
  "indicated-airspeed": 21.15,
  "heading": 268.62,
  "altitude": 77.91,
  "elevation": 26.17,
  "latitude": 51.46,
  "longitude": -0.44,
  "aircraft-registration": "D-AIKN"
}
{
  "indicated-airspeed": 23.56,
  "heading": 268.60,
  "altitude": 77.91,
  "elevation": 26.16,
  "latitude": 51.46,
  "longitude": -0.44,
  "aircraft-registration": "D-AIKN"
}
{
  "indicated-airspeed": 26.15,
  "heading": 268.60,
  "altitude": 77.91,
  "elevation": 26.17,
  "latitude": 51.46,
  "longitude": -0.44,
  "aircraft-registration": "D-AIKN"
}
{
  "indicated-airspeed": 28.88,
  "heading": 268.60,
  "altitude": 77.91,
  "elevation": 26.16,
  "latitude": 51.46,
  "longitude": -0.44,
  "aircraft-registration": "D-AIKN"
}
{
  "indicated-airspeed": 31.90,
  "heading": 268.60,
  "altitude": 77.90,
  "elevation": 26.17,
  "latitude": 51.46,
  "longitude": -0.44,
  "aircraft-registration": "D-AIKN"
}
{
  "indicated-airspeed": 34.91,
  "heading": 268.61,
  "altitude": 77.90,
  "elevation": 26.15,
  "latitude": 51.46,
  "longitude": -0.44,
  "aircraft-registration": "D-AIKN"
}
{
  "indicated-airspeed": 37.93,
  "heading": 268.61,
  "altitude": 77.88,
  "elevation": 26.18,
  "latitude": 51.46,
  "longitude": -0.44,
  "aircraft-registration": "D-AIKN"
}
{
  "indicated-airspeed": 40.97,
  "heading": 268.61,
  "altitude": 77.88,
  "elevation": 26.16,
  "latitude": 51.46,
  "longitude": -0.44,
  "aircraft-registration": "D-AIKN"
}
{
  "indicated-airspeed": 43.62,
  "heading": 268.60,
  "altitude": 77.88,
  "elevation": 26.19,
  "latitude": 51.46,
  "longitude": -0.44,
  "aircraft-registration": "D-AIKN"
}
{
  "indicated-airspeed": 45.95,
  "heading": 268.58,
  "altitude": 77.91,
  "elevation": 26.20,
  "latitude": 51.46,
  "longitude": -0.44,
  "aircraft-registration": "D-AIKN"
}
{
  "indicated-airspeed": 48.29,
  "heading": 268.55,
  "altitude": 77.96,
  "elevation": 26.25,
  "latitude": 51.46,
  "longitude": -0.44,
  "aircraft-registration": "D-AIKN"
}
{
  "indicated-airspeed": 50.92,
  "heading": 268.50,
  "altitude": 78.09,
  "elevation": 26.39,
  "latitude": 51.46,
  "longitude": -0.44,
  "aircraft-registration": "D-AIKN"
}
{
  "indicated-airspeed": 53.29,
  "heading": 268.46,
  "altitude": 78.33,
  "elevation": 26.50,
  "latitude": 51.46,
  "longitude": -0.44,
  "aircraft-registration": "D-AIKN"
}
{
  "indicated-airspeed": 55.64,
  "heading": 268.41,
  "altitude": 78.64,
  "elevation": 26.60,
  "latitude": 51.46,
  "longitude": -0.44,
  "aircraft-registration": "D-AIKN"
}
{
  "indicated-airspeed": 58.47,
  "heading": 268.34,
  "altitude": 79.04,
  "elevation": 26.75,
  "latitude": 51.46,
  "longitude": -0.44,
  "aircraft-registration": "D-AIKN"
}
{
  "indicated-airspeed": 61.02,
  "heading": 268.27,
  "altitude": 79.44,
  "elevation": 26.90,
  "latitude": 51.46,
  "longitude": -0.44,
  "aircraft-registration": "D-AIKN"
}
{
  "indicated-airspeed": 63.60,
  "heading": 268.19,
  "altitude": 79.88,
  "elevation": 27.05,
  "latitude": 51.46,
  "longitude": -0.44,
  "aircraft-registration": "D-AIKN"
}
{
  "indicated-airspeed": 66.25,
  "heading": 268.10,
  "altitude": 80.33,
  "elevation": 27.17,
  "latitude": 51.46,
  "longitude": -0.44,
  "aircraft-registration": "D-AIKN"
}
{
  "indicated-airspeed": 69.20,
  "heading": 268.01,
  "altitude": 80.79,
  "elevation": 27.22,
  "latitude": 51.46,
  "longitude": -0.44,
  "aircraft-registration": "D-AIKN"
}
{
  "indicated-airspeed": 71.62,
  "heading": 267.92,
  "altitude": 81.04,
  "elevation": 27.18,
  "latitude": 51.46,
  "longitude": -0.44,
  "aircraft-registration": "D-AIKN"
}
{
  "indicated-airspeed": 74.05,
  "heading": 267.83,
  "altitude": 81.16,
  "elevation": 27.20,
  "latitude": 51.46,
  "longitude": -0.44,
  "aircraft-registration": "D-AIKN"
}
{
  "indicated-airspeed": 76.78,
  "heading": 267.74,
  "altitude": 81.26,
  "elevation": 27.22,
  "latitude": 51.46,
  "longitude": -0.44,
  "aircraft-registration": "D-AIKN"
}
{
  "indicated-airspeed": 79.78,
  "heading": 267.64,
  "altitude": 81.34,
  "elevation": 27.20,
  "latitude": 51.46,
  "longitude": -0.44,
  "aircraft-registration": "D-AIKN"
}
{
  "indicated-airspeed": 82.53,
  "heading": 267.55,
  "altitude": 81.38,
  "elevation": 27.21,
  "latitude": 51.46,
  "longitude": -0.44,
  "aircraft-registration": "D-AIKN"
}
{
  "indicated-airspeed": 85.28,
  "heading": 267.47,
  "altitude": 81.39,
  "elevation": 27.23,
  "latitude": 51.46,
  "longitude": -0.44,
  "aircraft-registration": "D-AIKN"
}
{
  "indicated-airspeed": 87.70,
  "heading": 267.41,
  "altitude": 81.41,
  "elevation": 27.23,
  "latitude": 51.46,
  "longitude": -0.44,
  "aircraft-registration": "D-AIKN"
}
{
  "indicated-airspeed": 90.09,
  "heading": 267.35,
  "altitude": 81.42,
  "elevation": 27.23,
  "latitude": 51.46,
  "longitude": -0.44,
  "aircraft-registration": "D-AIKN"
}
{
  "indicated-airspeed": 92.75,
  "heading": 267.30,
  "altitude": 81.43,
  "elevation": 27.24,
  "latitude": 51.46,
  "longitude": -0.44,
  "aircraft-registration": "D-AIKN"
}
{
  "indicated-airspeed": 95.37,
  "heading": 267.28,
  "altitude": 81.43,
  "elevation": 27.24,
  "latitude": 51.46,
  "longitude": -0.44,
  "aircraft-registration": "D-AIKN"
}
{
  "indicated-airspeed": 97.93,
  "heading": 267.29,
  "altitude": 81.41,
  "elevation": 27.23,
  "latitude": 51.46,
  "longitude": -0.44,
  "aircraft-registration": "D-AIKN"
}
{
  "indicated-airspeed": 100.45,
  "heading": 267.32,
  "altitude": 81.40,
  "elevation": 27.26,
  "latitude": 51.46,
  "longitude": -0.44,
  "aircraft-registration": "D-AIKN"
}
{
  "indicated-airspeed": 103.21,
  "heading": 267.37,
  "altitude": 81.44,
  "elevation": 27.25,
  "latitude": 51.46,
  "longitude": -0.44,
  "aircraft-registration": "D-AIKN"
}
{
  "indicated-airspeed": 105.72,
  "heading": 267.46,
  "altitude": 81.49,
  "elevation": 27.26,
  "latitude": 51.46,
  "longitude": -0.44,
  "aircraft-registration": "D-AIKN"
}
{
  "indicated-airspeed": 108.48,
  "heading": 267.89,
  "altitude": 81.57,
  "elevation": 27.26,
  "latitude": 51.46,
  "longitude": -0.44,
  "aircraft-registration": "D-AIKN"
}
{
  "indicated-airspeed": 111.22,
  "heading": 268.56,
  "altitude": 81.62,
  "elevation": 27.26,
  "latitude": 51.46,
  "longitude": -0.44,
  "aircraft-registration": "D-AIKN"
}
{
  "indicated-airspeed": 113.93,
  "heading": 269.38,
  "altitude": 81.65,
  "elevation": 27.26,
  "latitude": 51.46,
  "longitude": -0.44,
  "aircraft-registration": "D-AIKN"
}
{
  "indicated-airspeed": 116.60,
  "heading": 270.27,
  "altitude": 81.68,
  "elevation": 27.27,
  "latitude": 51.46,
  "longitude": -0.45,
  "aircraft-registration": "D-AIKN"
}
{
  "indicated-airspeed": 119.23,
  "heading": 270.68,
  "altitude": 81.75,
  "elevation": 27.28,
  "latitude": 51.46,
  "longitude": -0.45,
  "aircraft-registration": "D-AIKN"
}
{
  "indicated-airspeed": 121.83,
  "heading": 270.34,
  "altitude": 81.85,
  "elevation": 27.30,
  "latitude": 51.46,
  "longitude": -0.45,
  "aircraft-registration": "D-AIKN"
}
{
  "indicated-airspeed": 124.37,
  "heading": 271.02,
  "altitude": 82.00,
  "elevation": 27.31,
  "latitude": 51.46,
  "longitude": -0.45,
  "aircraft-registration": "D-AIKN"
}
{
  "indicated-airspeed": 126.38,
  "heading": 271.67,
  "altitude": 82.17,
  "elevation": 27.41,
  "latitude": 51.46,
  "longitude": -0.45,
  "aircraft-registration": "D-AIKN"
}
{
  "indicated-airspeed": 128.63,
  "heading": 271.47,
  "altitude": 82.56,
  "elevation": 27.76,
  "latitude": 51.46,
  "longitude": -0.45,
  "aircraft-registration": "D-AIKN"
}
{
  "indicated-airspeed": 131.07,
  "heading": 270.17,
  "altitude": 83.39,
  "elevation": 28.07,
  "latitude": 51.46,
  "longitude": -0.45,
  "aircraft-registration": "D-AIKN"
}
{
  "indicated-airspeed": 133.46,
  "heading": 268.88,
  "altitude": 84.40,
  "elevation": 28.31,
  "latitude": 51.46,
  "longitude": -0.45,
  "aircraft-registration": "D-AIKN"
}
{
  "indicated-airspeed": 135.83,
  "heading": 267.93,
  "altitude": 85.34,
  "elevation": 28.24,
  "latitude": 51.46,
  "longitude": -0.45,
  "aircraft-registration": "D-AIKN"
}
{
  "indicated-airspeed": 138.21,
  "heading": 267.58,
  "altitude": 85.90,
  "elevation": 28.26,
  "latitude": 51.46,
  "longitude": -0.45,
  "aircraft-registration": "D-AIKN"
}
{
  "indicated-airspeed": 140.63,
  "heading": 267.64,
  "altitude": 86.23,
  "elevation": 28.27,
  "latitude": 51.46,
  "longitude": -0.45,
  "aircraft-registration": "D-AIKN"
}
{
  "indicated-airspeed": 142.78,
  "heading": 267.87,
  "altitude": 86.44,
  "elevation": 28.27,
  "latitude": 51.46,
  "longitude": -0.45,
  "aircraft-registration": "D-AIKN"
}
{
  "indicated-airspeed": 144.92,
  "heading": 268.19,
  "altitude": 86.59,
  "elevation": 28.28,
  "latitude": 51.46,
  "longitude": -0.45,
  "aircraft-registration": "D-AIKN"
}
{
  "indicated-airspeed": 147.05,
  "heading": 268.54,
  "altitude": 86.72,
  "elevation": 28.28,
  "latitude": 51.46,
  "longitude": -0.45,
  "aircraft-registration": "D-AIKN"
}
{
  "indicated-airspeed": 149.16,
  "heading": 268.87,
  "altitude": 86.85,
  "elevation": 28.28,
  "latitude": 51.46,
  "longitude": -0.45,
  "aircraft-registration": "D-AIKN"
}
{
  "indicated-airspeed": 151.22,
  "heading": 269.08,
  "altitude": 87.00,
  "elevation": 28.26,
  "latitude": 51.46,
  "longitude": -0.45,
  "aircraft-registration": "D-AIKN"
}
{
  "indicated-airspeed": 153.23,
  "heading": 269.10,
  "altitude": 87.16,
  "elevation": 28.27,
  "latitude": 51.46,
  "longitude": -0.45,
  "aircraft-registration": "D-AIKN"
}
{
  "indicated-airspeed": 155.42,
  "heading": 268.95,
  "altitude": 87.32,
  "elevation": 27.96,
  "latitude": 51.46,
  "longitude": -0.45,
  "aircraft-registration": "D-AIKN"
}
{
  "indicated-airspeed": 157.37,
  "heading": 268.71,
  "altitude": 87.10,
  "elevation": 27.70,
  "latitude": 51.46,
  "longitude": -0.45,
  "aircraft-registration": "D-AIKN"
}
{
  "indicated-airspeed": 159.10,
  "heading": 268.46,
  "altitude": 86.69,
  "elevation": 27.62,
  "latitude": 51.46,
  "longitude": -0.46,
  "aircraft-registration": "D-AIKN"
}
{
  "indicated-airspeed": 161.18,
  "heading": 268.18,
  "altitude": 86.37,
  "elevation": 27.87,
  "latitude": 51.46,
  "longitude": -0.46,
  "aircraft-registration": "D-AIKN"
}
{
  "indicated-airspeed": 162.97,
  "heading": 267.95,
  "altitude": 86.68,
  "elevation": 28.40,
  "latitude": 51.46,
  "longitude": -0.46,
  "aircraft-registration": "D-AIKN"
}
{
  "indicated-airspeed": 164.62,
  "heading": 267.80,
  "altitude": 87.77,
  "elevation": 29.36,
  "latitude": 51.46,
  "longitude": -0.46,
  "aircraft-registration": "D-AIKN"
}
{
  "indicated-airspeed": 166.01,
  "heading": 267.76,
  "altitude": 89.94,
  "elevation": 30.95,
  "latitude": 51.46,
  "longitude": -0.46,
  "aircraft-registration": "D-AIKN"
}
{
  "indicated-airspeed": 167.17,
  "heading": 267.78,
  "altitude": 93.68,
  "elevation": 33.28,
  "latitude": 51.46,
  "longitude": -0.46,
  "aircraft-registration": "D-AIKN"
}
{
  "indicated-airspeed": 168.21,
  "heading": 267.86,
  "altitude": 99.43,
  "elevation": 36.39,
  "latitude": 51.46,
  "longitude": -0.46,
  "aircraft-registration": "D-AIKN"
}
{
  "indicated-airspeed": 169.15,
  "heading": 267.97,
  "altitude": 107.48,
  "elevation": 40.29,
  "latitude": 51.46,
  "longitude": -0.46,
  "aircraft-registration": "D-AIKN"
}
{
  "indicated-airspeed": 169.99,
  "heading": 268.08,
  "altitude": 117.99,
  "elevation": 44.95,
  "latitude": 51.46,
  "longitude": -0.46,
  "aircraft-registration": "D-AIKN"
}
{
  "indicated-airspeed": 170.65,
  "heading": 268.17,
  "altitude": 130.96,
  "elevation": 50.34,
  "latitude": 51.46,
  "longitude": -0.46,
  "aircraft-registration": "D-AIKN"
}
{
  "indicated-airspeed": 171.13,
  "heading": 268.23,
  "altitude": 146.35,
  "elevation": 56.47,
  "latitude": 51.46,
  "longitude": -0.46,
  "aircraft-registration": "D-AIKN"
}
{
  "indicated-airspeed": 171.44,
  "heading": 268.23,
  "altitude": 166.03,
  "elevation": 64.06,
  "latitude": 51.46,
  "longitude": -0.46,
  "aircraft-registration": "D-AIKN"
}
{
  "indicated-airspeed": 171.61,
  "heading": 268.17,
  "altitude": 186.41,
  "elevation": 71.74,
  "latitude": 51.46,
  "longitude": -0.46,
  "aircraft-registration": "D-AIKN"
}
{
  "indicated-airspeed": 171.80,
  "heading": 268.00,
  "altitude": 209.10,
  "elevation": 80.04,
  "latitude": 51.46,
  "longitude": -0.46,
  "aircraft-registration": "D-AIKN"
}
{
  "indicated-airspeed": 172.00,
  "heading": 267.71,
  "altitude": 236.53,
  "elevation": 89.69,
  "latitude": 51.46,
  "longitude": -0.46,
  "aircraft-registration": "D-AIKN"
}
{
  "indicated-airspeed": 172.04,
  "heading": 267.38,
  "altitude": 263.36,
  "elevation": 98.80,
  "latitude": 51.46,
  "longitude": -0.46,
  "aircraft-registration": "D-AIKN"
}
{
  "indicated-airspeed": 171.92,
  "heading": 267.04,
  "altitude": 291.65,
  "elevation": 108.21,
  "latitude": 51.46,
  "longitude": -0.47,
  "aircraft-registration": "D-AIKN"
}
{
  "indicated-airspeed": 171.60,
  "heading": 266.69,
  "altitude": 324.21,
  "elevation": 118.89,
  "latitude": 51.46,
  "longitude": -0.47,
  "aircraft-registration": "D-AIKN"
}
{
  "indicated-airspeed": 171.14,
  "heading": 266.41,
  "altitude": 358.02,
  "elevation": 129.90,
  "latitude": 51.46,
  "longitude": -0.47,
  "aircraft-registration": "D-AIKN"
}
{
  "indicated-airspeed": 170.59,
  "heading": 266.23,
  "altitude": 392.83,
  "elevation": 141.17,
  "latitude": 51.46,
  "longitude": -0.47,
  "aircraft-registration": "D-AIKN"
}
{
  "indicated-airspeed": 169.98,
  "heading": 266.14,
  "altitude": 428.54,
  "elevation": 152.65,
  "latitude": 51.46,
  "longitude": -0.47,
  "aircraft-registration": "D-AIKN"
}
{
  "indicated-airspeed": 169.24,
  "heading": 266.10,
  "altitude": 465.01,
  "elevation": 164.25,
  "latitude": 51.46,
  "longitude": -0.47,
  "aircraft-registration": "D-AIKN"
}
{
  "indicated-airspeed": 168.51,
  "heading": 266.10,
  "altitude": 498.74,
  "elevation": 174.86,
  "latitude": 51.46,
  "longitude": -0.47,
  "aircraft-registration": "D-AIKN"
}
{
  "indicated-airspeed": 167.80,
  "heading": 266.16,
  "altitude": 532.89,
  "elevation": 185.47,
  "latitude": 51.46,
  "longitude": -0.47,
  "aircraft-registration": "D-AIKN"
}
{
  "indicated-airspeed": 167.13,
  "heading": 266.26,
  "altitude": 567.25,
  "elevation": 196.05,
  "latitude": 51.46,
  "longitude": -0.47,
  "aircraft-registration": "D-AIKN"
}
{
  "indicated-airspeed": 166.52,
  "heading": 266.42,
  "altitude": 601.64,
  "elevation": 206.55,
  "latitude": 51.46,
  "longitude": -0.47,
  "aircraft-registration": "D-AIKN"
}
{
  "indicated-airspeed": 165.95,
  "heading": 266.67,
  "altitude": 639.34,
  "elevation": 217.97,
  "latitude": 51.46,
  "longitude": -0.47,
  "aircraft-registration": "D-AIKN"
}
